[2023-03-28 11:53:09] local.ERROR: SQLSTATE[28000] [1045] Access denied for user 'root'@'localhost' (using password: NO) (SQL: select * from `users` where `id` = 12 limit 1) {"exception":"[object] (Illuminate\\Database\\QueryException(code: 1045): SQLSTATE[28000] [1045] Access denied for user 'root'@'localhost' (using password: NO) (SQL: select * from `users` where `id` = 12 limit 1) at /home/technologenesis/postest.marksman.pk/vendor/laravel/framework/src/Illuminate/Database/Connection.php:760)
[stacktrace]
#0 /home/technologenesis/postest.marksman.pk/vendor/laravel/framework/src/Illuminate/Database/Connection.php(720): Illuminate\\Database\\Connection->runQueryCallback()
#1 /home/technologenesis/postest.marksman.pk/vendor/laravel/framework/src/Illuminate/Database/Connection.php(422): Illuminate\\Database\\Connection->run()
#2 /home/technologenesis/postest.marksman.pk/vendor/laravel/framework/src/Illuminate/Database/Query/Builder.php(2656): Illuminate\\Database\\Connection->select()
#3 /home/technologenesis/postest.marksman.pk/vendor/laravel/framework/src/Illuminate/Database/Query/Builder.php(2644): Illuminate\\Database\\Query\\Builder->runSelect()
#4 /home/technologenesis/postest.marksman.pk/vendor/laravel/framework/src/Illuminate/Database/Query/Builder.php(3180): Illuminate\\Database\\Query\\Builder->Illuminate\\Database\\Query\\{closure}()
#5 /home/technologenesis/postest.marksman.pk/vendor/laravel/framework/src/Illuminate/Database/Query/Builder.php(2645): Illuminate\\Database\\Query\\Builder->onceWithColumns()
#6 /home/technologenesis/postest.marksman.pk/vendor/laravel/framework/src/Illuminate/Database/Eloquent/Builder.php(710): Illuminate\\Database\\Query\\Builder->get()
#7 /home/technologenesis/postest.marksman.pk/vendor/laravel/framework/src/Illuminate/Database/Eloquent/Builder.php(694): Illuminate\\Database\\Eloquent\\Builder->getModels()
#8 /home/technologenesis/postest.marksman.pk/vendor/laravel/framework/src/Illuminate/Database/Concerns/BuildsQueries.php(296): Illuminate\\Database\\Eloquent\\Builder->get()
#9 /home/technologenesis/postest.marksman.pk/vendor/laravel/framework/src/Illuminate/Auth/EloquentUserProvider.php(59): Illuminate\\Database\\Eloquent\\Builder->first()
#10 /home/technologenesis/postest.marksman.pk/vendor/php-open-source-saver/jwt-auth/src/JWTGuard.php(108): Illuminate\\Auth\\EloquentUserProvider->retrieveById()
#11 /home/technologenesis/postest.marksman.pk/vendor/laravel/framework/src/Illuminate/Auth/GuardHelpers.php(60): PHPOpenSourceSaver\\JWTAuth\\JWTGuard->user()
#12 /home/technologenesis/postest.marksman.pk/vendor/laravel/framework/src/Illuminate/Auth/Middleware/Authenticate.php(63): PHPOpenSourceSaver\\JWTAuth\\JWTGuard->check()
#13 /home/technologenesis/postest.marksman.pk/vendor/laravel/framework/src/Illuminate/Auth/Middleware/Authenticate.php(42): Illuminate\\Auth\\Middleware\\Authenticate->authenticate()
#14 /home/technologenesis/postest.marksman.pk/vendor/laravel/framework/src/Illuminate/Pipeline/Pipeline.php(180): Illuminate\\Auth\\Middleware\\Authenticate->handle()
#15 /home/technologenesis/postest.marksman.pk/vendor/laravel/framework/src/Illuminate/Pipeline/Pipeline.php(116): Illuminate\\Pipeline\\Pipeline->Illuminate\\Pipeline\\{closure}()
#16 /home/technologenesis/postest.marksman.pk/vendor/laravel/framework/src/Illuminate/Routing/Router.php(799): Illuminate\\Pipeline\\Pipeline->then()
#17 /home/technologenesis/postest.marksman.pk/vendor/laravel/framework/src/Illuminate/Routing/Router.php(776): Illuminate\\Routing\\Router->runRouteWithinStack()
#18 /home/technologenesis/postest.marksman.pk/vendor/laravel/framework/src/Illuminate/Routing/Router.php(740): Illuminate\\Routing\\Router->runRoute()
#19 /home/technologenesis/postest.marksman.pk/vendor/laravel/framework/src/Illuminate/Routing/Router.php(729): Illuminate\\Routing\\Router->dispatchToRoute()
#20 /home/technologenesis/postest.marksman.pk/vendor/laravel/framework/src/Illuminate/Foundation/Http/Kernel.php(190): Illuminate\\Routing\\Router->dispatch()
#21 /home/technologenesis/postest.marksman.pk/vendor/laravel/framework/src/Illuminate/Pipeline/Pipeline.php(141): Illuminate\\Foundation\\Http\\Kernel->Illuminate\\Foundation\\Http\\{closure}()
#22 /home/technologenesis/postest.marksman.pk/vendor/laravel/framework/src/Illuminate/Foundation/Http/Middleware/TransformsRequest.php(21): Illuminate\\Pipeline\\Pipeline->Illuminate\\Pipeline\\{closure}()
#23 /home/technologenesis/postest.marksman.pk/vendor/laravel/framework/src/Illuminate/Foundation/Http/Middleware/ConvertEmptyStringsToNull.php(31): Illuminate\\Foundation\\Http\\Middleware\\TransformsRequest->handle()
#24 /home/technologenesis/postest.marksman.pk/vendor/laravel/framework/src/Illuminate/Pipeline/Pipeline.php(180): Illuminate\\Foundation\\Http\\Middleware\\ConvertEmptyStringsToNull->handle()
#25 /home/technologenesis/postest.marksman.pk/vendor/laravel/framework/src/Illuminate/Foundation/Http/Middleware/TransformsRequest.php(21): Illuminate\\Pipeline\\Pipeline->Illuminate\\Pipeline\\{closure}()
#26 /home/technologenesis/postest.marksman.pk/vendor/laravel/framework/src/Illuminate/Foundation/Http/Middleware/TrimStrings.php(40): Illuminate\\Foundation\\Http\\Middleware\\TransformsRequest->handle()
#27 /home/technologenesis/postest.marksman.pk/vendor/laravel/framework/src/Illuminate/Pipeline/Pipeline.php(180): Illuminate\\Foundation\\Http\\Middleware\\TrimStrings->handle()
#28 /home/technologenesis/postest.marksman.pk/vendor/laravel/framework/src/Illuminate/Foundation/Http/Middleware/ValidatePostSize.php(27): Illuminate\\Pipeline\\Pipeline->Illuminate\\Pipeline\\{closure}()
#29 /home/technologenesis/postest.marksman.pk/vendor/laravel/framework/src/Illuminate/Pipeline/Pipeline.php(180): Illuminate\\Foundation\\Http\\Middleware\\ValidatePostSize->handle()
#30 /home/technologenesis/postest.marksman.pk/vendor/laravel/framework/src/Illuminate/Foundation/Http/Middleware/PreventRequestsDuringMaintenance.php(86): Illuminate\\Pipeline\\Pipeline->Illuminate\\Pipeline\\{closure}()
#31 /home/technologenesis/postest.marksman.pk/vendor/laravel/framework/src/Illuminate/Pipeline/Pipeline.php(180): Illuminate\\Foundation\\Http\\Middleware\\PreventRequestsDuringMaintenance->handle()
#32 /home/technologenesis/postest.marksman.pk/vendor/laravel/framework/src/Illuminate/Http/Middleware/HandleCors.php(62): Illuminate\\Pipeline\\Pipeline->Illuminate\\Pipeline\\{closure}()
#33 /home/technologenesis/postest.marksman.pk/vendor/laravel/framework/src/Illuminate/Pipeline/Pipeline.php(180): Illuminate\\Http\\Middleware\\HandleCors->handle()
#34 /home/technologenesis/postest.marksman.pk/vendor/laravel/framework/src/Illuminate/Http/Middleware/TrustProxies.php(39): Illuminate\\Pipeline\\Pipeline->Illuminate\\Pipeline\\{closure}()
#35 /home/technologenesis/postest.marksman.pk/vendor/laravel/framework/src/Illuminate/Pipeline/Pipeline.php(180): Illuminate\\Http\\Middleware\\TrustProxies->handle()
#36 /home/technologenesis/postest.marksman.pk/vendor/laravel/framework/src/Illuminate/Pipeline/Pipeline.php(116): Illuminate\\Pipeline\\Pipeline->Illuminate\\Pipeline\\{closure}()
#37 /home/technologenesis/postest.marksman.pk/vendor/laravel/framework/src/Illuminate/Foundation/Http/Kernel.php(165): Illuminate\\Pipeline\\Pipeline->then()
#38 /home/technologenesis/postest.marksman.pk/vendor/laravel/framework/src/Illuminate/Foundation/Http/Kernel.php(134): Illuminate\\Foundation\\Http\\Kernel->sendRequestThroughRouter()
#39 /home/technologenesis/postest.marksman.pk/public/index.php(52): Illuminate\\Foundation\\Http\\Kernel->handle()
#40 {main}

[previous exception] [object] (PDOException(code: 1045): SQLSTATE[28000] [1045] Access denied for user 'root'@'localhost' (using password: NO) at /home/technologenesis/postest.marksman.pk/vendor/laravel/framework/src/Illuminate/Database/Connectors/Connector.php:70)
[stacktrace]
#0 /home/technologenesis/postest.marksman.pk/vendor/laravel/framework/src/Illuminate/Database/Connectors/Connector.php(70): PDO->__construct()
#1 /home/technologenesis/postest.marksman.pk/vendor/laravel/framework/src/Illuminate/Database/Connectors/Connector.php(46): Illuminate\\Database\\Connectors\\Connector->createPdoConnection()
#2 /home/technologenesis/postest.marksman.pk/vendor/laravel/framework/src/Illuminate/Database/Connectors/MySqlConnector.php(24): Illuminate\\Database\\Connectors\\Connector->createConnection()
#3 /home/technologenesis/postest.marksman.pk/vendor/laravel/framework/src/Illuminate/Database/Connectors/ConnectionFactory.php(184): Illuminate\\Database\\Connectors\\MySqlConnector->connect()
#4 [internal function]: Illuminate\\Database\\Connectors\\ConnectionFactory->Illuminate\\Database\\Connectors\\{closure}()
#5 /home/technologenesis/postest.marksman.pk/vendor/laravel/framework/src/Illuminate/Database/Connection.php(1181): call_user_func()
#6 /home/technologenesis/postest.marksman.pk/vendor/laravel/framework/src/Illuminate/Database/Connection.php(1217): Illuminate\\Database\\Connection->getPdo()
#7 /home/technologenesis/postest.marksman.pk/vendor/laravel/framework/src/Illuminate/Database/Connection.php(486): Illuminate\\Database\\Connection->getReadPdo()
#8 /home/technologenesis/postest.marksman.pk/vendor/laravel/framework/src/Illuminate/Database/Connection.php(414): Illuminate\\Database\\Connection->getPdoForSelect()
#9 /home/technologenesis/postest.marksman.pk/vendor/laravel/framework/src/Illuminate/Database/Connection.php(753): Illuminate\\Database\\Connection->Illuminate\\Database\\{closure}()
#10 /home/technologenesis/postest.marksman.pk/vendor/laravel/framework/src/Illuminate/Database/Connection.php(720): Illuminate\\Database\\Connection->runQueryCallback()
#11 /home/technologenesis/postest.marksman.pk/vendor/laravel/framework/src/Illuminate/Database/Connection.php(422): Illuminate\\Database\\Connection->run()
#12 /home/technologenesis/postest.marksman.pk/vendor/laravel/framework/src/Illuminate/Database/Query/Builder.php(2656): Illuminate\\Database\\Connection->select()
#13 /home/technologenesis/postest.marksman.pk/vendor/laravel/framework/src/Illuminate/Database/Query/Builder.php(2644): Illuminate\\Database\\Query\\Builder->runSelect()
#14 /home/technologenesis/postest.marksman.pk/vendor/laravel/framework/src/Illuminate/Database/Query/Builder.php(3180): Illuminate\\Database\\Query\\Builder->Illuminate\\Database\\Query\\{closure}()
#15 /home/technologenesis/postest.marksman.pk/vendor/laravel/framework/src/Illuminate/Database/Query/Builder.php(2645): Illuminate\\Database\\Query\\Builder->onceWithColumns()
#16 /home/technologenesis/postest.marksman.pk/vendor/laravel/framework/src/Illuminate/Database/Eloquent/Builder.php(710): Illuminate\\Database\\Query\\Builder->get()
#17 /home/technologenesis/postest.marksman.pk/vendor/laravel/framework/src/Illuminate/Database/Eloquent/Builder.php(694): Illuminate\\Database\\Eloquent\\Builder->getModels()
#18 /home/technologenesis/postest.marksman.pk/vendor/laravel/framework/src/Illuminate/Database/Concerns/BuildsQueries.php(296): Illuminate\\Database\\Eloquent\\Builder->get()
#19 /home/technologenesis/postest.marksman.pk/vendor/laravel/framework/src/Illuminate/Auth/EloquentUserProvider.php(59): Illuminate\\Database\\Eloquent\\Builder->first()
#20 /home/technologenesis/postest.marksman.pk/vendor/php-open-source-saver/jwt-auth/src/JWTGuard.php(108): Illuminate\\Auth\\EloquentUserProvider->retrieveById()
#21 /home/technologenesis/postest.marksman.pk/vendor/laravel/framework/src/Illuminate/Auth/GuardHelpers.php(60): PHPOpenSourceSaver\\JWTAuth\\JWTGuard->user()
#22 /home/technologenesis/postest.marksman.pk/vendor/laravel/framework/src/Illuminate/Auth/Middleware/Authenticate.php(63): PHPOpenSourceSaver\\JWTAuth\\JWTGuard->check()
#23 /home/technologenesis/postest.marksman.pk/vendor/laravel/framework/src/Illuminate/Auth/Middleware/Authenticate.php(42): Illuminate\\Auth\\Middleware\\Authenticate->authenticate()
#24 /home/technologenesis/postest.marksman.pk/vendor/laravel/framework/src/Illuminate/Pipeline/Pipeline.php(180): Illuminate\\Auth\\Middleware\\Authenticate->handle()
#25 /home/technologenesis/postest.marksman.pk/vendor/laravel/framework/src/Illuminate/Pipeline/Pipeline.php(116): Illuminate\\Pipeline\\Pipeline->Illuminate\\Pipeline\\{closure}()
#26 /home/technologenesis/postest.marksman.pk/vendor/laravel/framework/src/Illuminate/Routing/Router.php(799): Illuminate\\Pipeline\\Pipeline->then()
#27 /home/technologenesis/postest.marksman.pk/vendor/laravel/framework/src/Illuminate/Routing/Router.php(776): Illuminate\\Routing\\Router->runRouteWithinStack()
#28 /home/technologenesis/postest.marksman.pk/vendor/laravel/framework/src/Illuminate/Routing/Router.php(740): Illuminate\\Routing\\Router->runRoute()
#29 /home/technologenesis/postest.marksman.pk/vendor/laravel/framework/src/Illuminate/Routing/Router.php(729): Illuminate\\Routing\\Router->dispatchToRoute()
#30 /home/technologenesis/postest.marksman.pk/vendor/laravel/framework/src/Illuminate/Foundation/Http/Kernel.php(190): Illuminate\\Routing\\Router->dispatch()
#31 /home/technologenesis/postest.marksman.pk/vendor/laravel/framework/src/Illuminate/Pipeline/Pipeline.php(141): Illuminate\\Foundation\\Http\\Kernel->Illuminate\\Foundation\\Http\\{closure}()
#32 /home/technologenesis/postest.marksman.pk/vendor/laravel/framework/src/Illuminate/Foundation/Http/Middleware/TransformsRequest.php(21): Illuminate\\Pipeline\\Pipeline->Illuminate\\Pipeline\\{closure}()
#33 /home/technologenesis/postest.marksman.pk/vendor/laravel/framework/src/Illuminate/Foundation/Http/Middleware/ConvertEmptyStringsToNull.php(31): Illuminate\\Foundation\\Http\\Middleware\\TransformsRequest->handle()
#34 /home/technologenesis/postest.marksman.pk/vendor/laravel/framework/src/Illuminate/Pipeline/Pipeline.php(180): Illuminate\\Foundation\\Http\\Middleware\\ConvertEmptyStringsToNull->handle()
#35 /home/technologenesis/postest.marksman.pk/vendor/laravel/framework/src/Illuminate/Foundation/Http/Middleware/TransformsRequest.php(21): Illuminate\\Pipeline\\Pipeline->Illuminate\\Pipeline\\{closure}()
#36 /home/technologenesis/postest.marksman.pk/vendor/laravel/framework/src/Illuminate/Foundation/Http/Middleware/TrimStrings.php(40): Illuminate\\Foundation\\Http\\Middleware\\TransformsRequest->handle()
#37 /home/technologenesis/postest.marksman.pk/vendor/laravel/framework/src/Illuminate/Pipeline/Pipeline.php(180): Illuminate\\Foundation\\Http\\Middleware\\TrimStrings->handle()
#38 /home/technologenesis/postest.marksman.pk/vendor/laravel/framework/src/Illuminate/Foundation/Http/Middleware/ValidatePostSize.php(27): Illuminate\\Pipeline\\Pipeline->Illuminate\\Pipeline\\{closure}()
#39 /home/technologenesis/postest.marksman.pk/vendor/laravel/framework/src/Illuminate/Pipeline/Pipeline.php(180): Illuminate\\Foundation\\Http\\Middleware\\ValidatePostSize->handle()
#40 /home/technologenesis/postest.marksman.pk/vendor/laravel/framework/src/Illuminate/Foundation/Http/Middleware/PreventRequestsDuringMaintenance.php(86): Illuminate\\Pipeline\\Pipeline->Illuminate\\Pipeline\\{closure}()
#41 /home/technologenesis/postest.marksman.pk/vendor/laravel/framework/src/Illuminate/Pipeline/Pipeline.php(180): Illuminate\\Foundation\\Http\\Middleware\\PreventRequestsDuringMaintenance->handle()
#42 /home/technologenesis/postest.marksman.pk/vendor/laravel/framework/src/Illuminate/Http/Middleware/HandleCors.php(62): Illuminate\\Pipeline\\Pipeline->Illuminate\\Pipeline\\{closure}()
#43 /home/technologenesis/postest.marksman.pk/vendor/laravel/framework/src/Illuminate/Pipeline/Pipeline.php(180): Illuminate\\Http\\Middleware\\HandleCors->handle()
#44 /home/technologenesis/postest.marksman.pk/vendor/laravel/framework/src/Illuminate/Http/Middleware/TrustProxies.php(39): Illuminate\\Pipeline\\Pipeline->Illuminate\\Pipeline\\{closure}()
#45 /home/technologenesis/postest.marksman.pk/vendor/laravel/framework/src/Illuminate/Pipeline/Pipeline.php(180): Illuminate\\Http\\Middleware\\TrustProxies->handle()
#46 /home/technologenesis/postest.marksman.pk/vendor/laravel/framework/src/Illuminate/Pipeline/Pipeline.php(116): Illuminate\\Pipeline\\Pipeline->Illuminate\\Pipeline\\{closure}()
#47 /home/technologenesis/postest.marksman.pk/vendor/laravel/framework/src/Illuminate/Foundation/Http/Kernel.php(165): Illuminate\\Pipeline\\Pipeline->then()
#48 /home/technologenesis/postest.marksman.pk/vendor/laravel/framework/src/Illuminate/Foundation/Http/Kernel.php(134): Illuminate\\Foundation\\Http\\Kernel->sendRequestThroughRouter()
#49 /home/technologenesis/postest.marksman.pk/public/index.php(52): Illuminate\\Foundation\\Http\\Kernel->handle()
#50 {main}
"} 
[2023-03-28 11:55:20] local.ERROR: SQLSTATE[28000] [1045] Access denied for user 'root'@'localhost' (using password: NO) (SQL: select * from `users` where `id` = 12 limit 1) {"exception":"[object] (Illuminate\\Database\\QueryException(code: 1045): SQLSTATE[28000] [1045] Access denied for user 'root'@'localhost' (using password: NO) (SQL: select * from `users` where `id` = 12 limit 1) at /home/technologenesis/postest.marksman.pk/vendor/laravel/framework/src/Illuminate/Database/Connection.php:760)
[stacktrace]
#0 /home/technologenesis/postest.marksman.pk/vendor/laravel/framework/src/Illuminate/Database/Connection.php(720): Illuminate\\Database\\Connection->runQueryCallback()
#1 /home/technologenesis/postest.marksman.pk/vendor/laravel/framework/src/Illuminate/Database/Connection.php(422): Illuminate\\Database\\Connection->run()
#2 /home/technologenesis/postest.marksman.pk/vendor/laravel/framework/src/Illuminate/Database/Query/Builder.php(2656): Illuminate\\Database\\Connection->select()
#3 /home/technologenesis/postest.marksman.pk/vendor/laravel/framework/src/Illuminate/Database/Query/Builder.php(2644): Illuminate\\Database\\Query\\Builder->runSelect()
#4 /home/technologenesis/postest.marksman.pk/vendor/laravel/framework/src/Illuminate/Database/Query/Builder.php(3180): Illuminate\\Database\\Query\\Builder->Illuminate\\Database\\Query\\{closure}()
#5 /home/technologenesis/postest.marksman.pk/vendor/laravel/framework/src/Illuminate/Database/Query/Builder.php(2645): Illuminate\\Database\\Query\\Builder->onceWithColumns()
#6 /home/technologenesis/postest.marksman.pk/vendor/laravel/framework/src/Illuminate/Database/Eloquent/Builder.php(710): Illuminate\\Database\\Query\\Builder->get()
#7 /home/technologenesis/postest.marksman.pk/vendor/laravel/framework/src/Illuminate/Database/Eloquent/Builder.php(694): Illuminate\\Database\\Eloquent\\Builder->getModels()
#8 /home/technologenesis/postest.marksman.pk/vendor/laravel/framework/src/Illuminate/Database/Concerns/BuildsQueries.php(296): Illuminate\\Database\\Eloquent\\Builder->get()
#9 /home/technologenesis/postest.marksman.pk/vendor/laravel/framework/src/Illuminate/Auth/EloquentUserProvider.php(59): Illuminate\\Database\\Eloquent\\Builder->first()
#10 /home/technologenesis/postest.marksman.pk/vendor/php-open-source-saver/jwt-auth/src/JWTGuard.php(108): Illuminate\\Auth\\EloquentUserProvider->retrieveById()
#11 /home/technologenesis/postest.marksman.pk/vendor/laravel/framework/src/Illuminate/Auth/GuardHelpers.php(60): PHPOpenSourceSaver\\JWTAuth\\JWTGuard->user()
#12 /home/technologenesis/postest.marksman.pk/vendor/laravel/framework/src/Illuminate/Auth/Middleware/Authenticate.php(63): PHPOpenSourceSaver\\JWTAuth\\JWTGuard->check()
#13 /home/technologenesis/postest.marksman.pk/vendor/laravel/framework/src/Illuminate/Auth/Middleware/Authenticate.php(42): Illuminate\\Auth\\Middleware\\Authenticate->authenticate()
#14 /home/technologenesis/postest.marksman.pk/vendor/laravel/framework/src/Illuminate/Pipeline/Pipeline.php(180): Illuminate\\Auth\\Middleware\\Authenticate->handle()
#15 /home/technologenesis/postest.marksman.pk/vendor/laravel/framework/src/Illuminate/Pipeline/Pipeline.php(116): Illuminate\\Pipeline\\Pipeline->Illuminate\\Pipeline\\{closure}()
#16 /home/technologenesis/postest.marksman.pk/vendor/laravel/framework/src/Illuminate/Routing/Router.php(799): Illuminate\\Pipeline\\Pipeline->then()
#17 /home/technologenesis/postest.marksman.pk/vendor/laravel/framework/src/Illuminate/Routing/Router.php(776): Illuminate\\Routing\\Router->runRouteWithinStack()
#18 /home/technologenesis/postest.marksman.pk/vendor/laravel/framework/src/Illuminate/Routing/Router.php(740): Illuminate\\Routing\\Router->runRoute()
#19 /home/technologenesis/postest.marksman.pk/vendor/laravel/framework/src/Illuminate/Routing/Router.php(729): Illuminate\\Routing\\Router->dispatchToRoute()
#20 /home/technologenesis/postest.marksman.pk/vendor/laravel/framework/src/Illuminate/Foundation/Http/Kernel.php(190): Illuminate\\Routing\\Router->dispatch()
#21 /home/technologenesis/postest.marksman.pk/vendor/laravel/framework/src/Illuminate/Pipeline/Pipeline.php(141): Illuminate\\Foundation\\Http\\Kernel->Illuminate\\Foundation\\Http\\{closure}()
#22 /home/technologenesis/postest.marksman.pk/vendor/laravel/framework/src/Illuminate/Foundation/Http/Middleware/TransformsRequest.php(21): Illuminate\\Pipeline\\Pipeline->Illuminate\\Pipeline\\{closure}()
#23 /home/technologenesis/postest.marksman.pk/vendor/laravel/framework/src/Illuminate/Foundation/Http/Middleware/ConvertEmptyStringsToNull.php(31): Illuminate\\Foundation\\Http\\Middleware\\TransformsRequest->handle()
#24 /home/technologenesis/postest.marksman.pk/vendor/laravel/framework/src/Illuminate/Pipeline/Pipeline.php(180): Illuminate\\Foundation\\Http\\Middleware\\ConvertEmptyStringsToNull->handle()
#25 /home/technologenesis/postest.marksman.pk/vendor/laravel/framework/src/Illuminate/Foundation/Http/Middleware/TransformsRequest.php(21): Illuminate\\Pipeline\\Pipeline->Illuminate\\Pipeline\\{closure}()
#26 /home/technologenesis/postest.marksman.pk/vendor/laravel/framework/src/Illuminate/Foundation/Http/Middleware/TrimStrings.php(40): Illuminate\\Foundation\\Http\\Middleware\\TransformsRequest->handle()
#27 /home/technologenesis/postest.marksman.pk/vendor/laravel/framework/src/Illuminate/Pipeline/Pipeline.php(180): Illuminate\\Foundation\\Http\\Middleware\\TrimStrings->handle()
#28 /home/technologenesis/postest.marksman.pk/vendor/laravel/framework/src/Illuminate/Foundation/Http/Middleware/ValidatePostSize.php(27): Illuminate\\Pipeline\\Pipeline->Illuminate\\Pipeline\\{closure}()
#29 /home/technologenesis/postest.marksman.pk/vendor/laravel/framework/src/Illuminate/Pipeline/Pipeline.php(180): Illuminate\\Foundation\\Http\\Middleware\\ValidatePostSize->handle()
#30 /home/technologenesis/postest.marksman.pk/vendor/laravel/framework/src/Illuminate/Foundation/Http/Middleware/PreventRequestsDuringMaintenance.php(86): Illuminate\\Pipeline\\Pipeline->Illuminate\\Pipeline\\{closure}()
#31 /home/technologenesis/postest.marksman.pk/vendor/laravel/framework/src/Illuminate/Pipeline/Pipeline.php(180): Illuminate\\Foundation\\Http\\Middleware\\PreventRequestsDuringMaintenance->handle()
#32 /home/technologenesis/postest.marksman.pk/vendor/laravel/framework/src/Illuminate/Http/Middleware/HandleCors.php(62): Illuminate\\Pipeline\\Pipeline->Illuminate\\Pipeline\\{closure}()
#33 /home/technologenesis/postest.marksman.pk/vendor/laravel/framework/src/Illuminate/Pipeline/Pipeline.php(180): Illuminate\\Http\\Middleware\\HandleCors->handle()
#34 /home/technologenesis/postest.marksman.pk/vendor/laravel/framework/src/Illuminate/Http/Middleware/TrustProxies.php(39): Illuminate\\Pipeline\\Pipeline->Illuminate\\Pipeline\\{closure}()
#35 /home/technologenesis/postest.marksman.pk/vendor/laravel/framework/src/Illuminate/Pipeline/Pipeline.php(180): Illuminate\\Http\\Middleware\\TrustProxies->handle()
#36 /home/technologenesis/postest.marksman.pk/vendor/laravel/framework/src/Illuminate/Pipeline/Pipeline.php(116): Illuminate\\Pipeline\\Pipeline->Illuminate\\Pipeline\\{closure}()
#37 /home/technologenesis/postest.marksman.pk/vendor/laravel/framework/src/Illuminate/Foundation/Http/Kernel.php(165): Illuminate\\Pipeline\\Pipeline->then()
#38 /home/technologenesis/postest.marksman.pk/vendor/laravel/framework/src/Illuminate/Foundation/Http/Kernel.php(134): Illuminate\\Foundation\\Http\\Kernel->sendRequestThroughRouter()
#39 /home/technologenesis/postest.marksman.pk/public/index.php(52): Illuminate\\Foundation\\Http\\Kernel->handle()
#40 {main}

[previous exception] [object] (PDOException(code: 1045): SQLSTATE[28000] [1045] Access denied for user 'root'@'localhost' (using password: NO) at /home/technologenesis/postest.marksman.pk/vendor/laravel/framework/src/Illuminate/Database/Connectors/Connector.php:70)
[stacktrace]
#0 /home/technologenesis/postest.marksman.pk/vendor/laravel/framework/src/Illuminate/Database/Connectors/Connector.php(70): PDO->__construct()
#1 /home/technologenesis/postest.marksman.pk/vendor/laravel/framework/src/Illuminate/Database/Connectors/Connector.php(46): Illuminate\\Database\\Connectors\\Connector->createPdoConnection()
#2 /home/technologenesis/postest.marksman.pk/vendor/laravel/framework/src/Illuminate/Database/Connectors/MySqlConnector.php(24): Illuminate\\Database\\Connectors\\Connector->createConnection()
#3 /home/technologenesis/postest.marksman.pk/vendor/laravel/framework/src/Illuminate/Database/Connectors/ConnectionFactory.php(184): Illuminate\\Database\\Connectors\\MySqlConnector->connect()
#4 [internal function]: Illuminate\\Database\\Connectors\\ConnectionFactory->Illuminate\\Database\\Connectors\\{closure}()
#5 /home/technologenesis/postest.marksman.pk/vendor/laravel/framework/src/Illuminate/Database/Connection.php(1181): call_user_func()
#6 /home/technologenesis/postest.marksman.pk/vendor/laravel/framework/src/Illuminate/Database/Connection.php(1217): Illuminate\\Database\\Connection->getPdo()
#7 /home/technologenesis/postest.marksman.pk/vendor/laravel/framework/src/Illuminate/Database/Connection.php(486): Illuminate\\Database\\Connection->getReadPdo()
#8 /home/technologenesis/postest.marksman.pk/vendor/laravel/framework/src/Illuminate/Database/Connection.php(414): Illuminate\\Database\\Connection->getPdoForSelect()
#9 /home/technologenesis/postest.marksman.pk/vendor/laravel/framework/src/Illuminate/Database/Connection.php(753): Illuminate\\Database\\Connection->Illuminate\\Database\\{closure}()
#10 /home/technologenesis/postest.marksman.pk/vendor/laravel/framework/src/Illuminate/Database/Connection.php(720): Illuminate\\Database\\Connection->runQueryCallback()
#11 /home/technologenesis/postest.marksman.pk/vendor/laravel/framework/src/Illuminate/Database/Connection.php(422): Illuminate\\Database\\Connection->run()
#12 /home/technologenesis/postest.marksman.pk/vendor/laravel/framework/src/Illuminate/Database/Query/Builder.php(2656): Illuminate\\Database\\Connection->select()
#13 /home/technologenesis/postest.marksman.pk/vendor/laravel/framework/src/Illuminate/Database/Query/Builder.php(2644): Illuminate\\Database\\Query\\Builder->runSelect()
#14 /home/technologenesis/postest.marksman.pk/vendor/laravel/framework/src/Illuminate/Database/Query/Builder.php(3180): Illuminate\\Database\\Query\\Builder->Illuminate\\Database\\Query\\{closure}()
#15 /home/technologenesis/postest.marksman.pk/vendor/laravel/framework/src/Illuminate/Database/Query/Builder.php(2645): Illuminate\\Database\\Query\\Builder->onceWithColumns()
#16 /home/technologenesis/postest.marksman.pk/vendor/laravel/framework/src/Illuminate/Database/Eloquent/Builder.php(710): Illuminate\\Database\\Query\\Builder->get()
#17 /home/technologenesis/postest.marksman.pk/vendor/laravel/framework/src/Illuminate/Database/Eloquent/Builder.php(694): Illuminate\\Database\\Eloquent\\Builder->getModels()
#18 /home/technologenesis/postest.marksman.pk/vendor/laravel/framework/src/Illuminate/Database/Concerns/BuildsQueries.php(296): Illuminate\\Database\\Eloquent\\Builder->get()
#19 /home/technologenesis/postest.marksman.pk/vendor/laravel/framework/src/Illuminate/Auth/EloquentUserProvider.php(59): Illuminate\\Database\\Eloquent\\Builder->first()
#20 /home/technologenesis/postest.marksman.pk/vendor/php-open-source-saver/jwt-auth/src/JWTGuard.php(108): Illuminate\\Auth\\EloquentUserProvider->retrieveById()
#21 /home/technologenesis/postest.marksman.pk/vendor/laravel/framework/src/Illuminate/Auth/GuardHelpers.php(60): PHPOpenSourceSaver\\JWTAuth\\JWTGuard->user()
#22 /home/technologenesis/postest.marksman.pk/vendor/laravel/framework/src/Illuminate/Auth/Middleware/Authenticate.php(63): PHPOpenSourceSaver\\JWTAuth\\JWTGuard->check()
#23 /home/technologenesis/postest.marksman.pk/vendor/laravel/framework/src/Illuminate/Auth/Middleware/Authenticate.php(42): Illuminate\\Auth\\Middleware\\Authenticate->authenticate()
#24 /home/technologenesis/postest.marksman.pk/vendor/laravel/framework/src/Illuminate/Pipeline/Pipeline.php(180): Illuminate\\Auth\\Middleware\\Authenticate->handle()
#25 /home/technologenesis/postest.marksman.pk/vendor/laravel/framework/src/Illuminate/Pipeline/Pipeline.php(116): Illuminate\\Pipeline\\Pipeline->Illuminate\\Pipeline\\{closure}()
#26 /home/technologenesis/postest.marksman.pk/vendor/laravel/framework/src/Illuminate/Routing/Router.php(799): Illuminate\\Pipeline\\Pipeline->then()
#27 /home/technologenesis/postest.marksman.pk/vendor/laravel/framework/src/Illuminate/Routing/Router.php(776): Illuminate\\Routing\\Router->runRouteWithinStack()
#28 /home/technologenesis/postest.marksman.pk/vendor/laravel/framework/src/Illuminate/Routing/Router.php(740): Illuminate\\Routing\\Router->runRoute()
#29 /home/technologenesis/postest.marksman.pk/vendor/laravel/framework/src/Illuminate/Routing/Router.php(729): Illuminate\\Routing\\Router->dispatchToRoute()
#30 /home/technologenesis/postest.marksman.pk/vendor/laravel/framework/src/Illuminate/Foundation/Http/Kernel.php(190): Illuminate\\Routing\\Router->dispatch()
#31 /home/technologenesis/postest.marksman.pk/vendor/laravel/framework/src/Illuminate/Pipeline/Pipeline.php(141): Illuminate\\Foundation\\Http\\Kernel->Illuminate\\Foundation\\Http\\{closure}()
#32 /home/technologenesis/postest.marksman.pk/vendor/laravel/framework/src/Illuminate/Foundation/Http/Middleware/TransformsRequest.php(21): Illuminate\\Pipeline\\Pipeline->Illuminate\\Pipeline\\{closure}()
#33 /home/technologenesis/postest.marksman.pk/vendor/laravel/framework/src/Illuminate/Foundation/Http/Middleware/ConvertEmptyStringsToNull.php(31): Illuminate\\Foundation\\Http\\Middleware\\TransformsRequest->handle()
#34 /home/technologenesis/postest.marksman.pk/vendor/laravel/framework/src/Illuminate/Pipeline/Pipeline.php(180): Illuminate\\Foundation\\Http\\Middleware\\ConvertEmptyStringsToNull->handle()
#35 /home/technologenesis/postest.marksman.pk/vendor/laravel/framework/src/Illuminate/Foundation/Http/Middleware/TransformsRequest.php(21): Illuminate\\Pipeline\\Pipeline->Illuminate\\Pipeline\\{closure}()
#36 /home/technologenesis/postest.marksman.pk/vendor/laravel/framework/src/Illuminate/Foundation/Http/Middleware/TrimStrings.php(40): Illuminate\\Foundation\\Http\\Middleware\\TransformsRequest->handle()
#37 /home/technologenesis/postest.marksman.pk/vendor/laravel/framework/src/Illuminate/Pipeline/Pipeline.php(180): Illuminate\\Foundation\\Http\\Middleware\\TrimStrings->handle()
#38 /home/technologenesis/postest.marksman.pk/vendor/laravel/framework/src/Illuminate/Foundation/Http/Middleware/ValidatePostSize.php(27): Illuminate\\Pipeline\\Pipeline->Illuminate\\Pipeline\\{closure}()
#39 /home/technologenesis/postest.marksman.pk/vendor/laravel/framework/src/Illuminate/Pipeline/Pipeline.php(180): Illuminate\\Foundation\\Http\\Middleware\\ValidatePostSize->handle()
#40 /home/technologenesis/postest.marksman.pk/vendor/laravel/framework/src/Illuminate/Foundation/Http/Middleware/PreventRequestsDuringMaintenance.php(86): Illuminate\\Pipeline\\Pipeline->Illuminate\\Pipeline\\{closure}()
#41 /home/technologenesis/postest.marksman.pk/vendor/laravel/framework/src/Illuminate/Pipeline/Pipeline.php(180): Illuminate\\Foundation\\Http\\Middleware\\PreventRequestsDuringMaintenance->handle()
#42 /home/technologenesis/postest.marksman.pk/vendor/laravel/framework/src/Illuminate/Http/Middleware/HandleCors.php(62): Illuminate\\Pipeline\\Pipeline->Illuminate\\Pipeline\\{closure}()
#43 /home/technologenesis/postest.marksman.pk/vendor/laravel/framework/src/Illuminate/Pipeline/Pipeline.php(180): Illuminate\\Http\\Middleware\\HandleCors->handle()
#44 /home/technologenesis/postest.marksman.pk/vendor/laravel/framework/src/Illuminate/Http/Middleware/TrustProxies.php(39): Illuminate\\Pipeline\\Pipeline->Illuminate\\Pipeline\\{closure}()
#45 /home/technologenesis/postest.marksman.pk/vendor/laravel/framework/src/Illuminate/Pipeline/Pipeline.php(180): Illuminate\\Http\\Middleware\\TrustProxies->handle()
#46 /home/technologenesis/postest.marksman.pk/vendor/laravel/framework/src/Illuminate/Pipeline/Pipeline.php(116): Illuminate\\Pipeline\\Pipeline->Illuminate\\Pipeline\\{closure}()
#47 /home/technologenesis/postest.marksman.pk/vendor/laravel/framework/src/Illuminate/Foundation/Http/Kernel.php(165): Illuminate\\Pipeline\\Pipeline->then()
#48 /home/technologenesis/postest.marksman.pk/vendor/laravel/framework/src/Illuminate/Foundation/Http/Kernel.php(134): Illuminate\\Foundation\\Http\\Kernel->sendRequestThroughRouter()
#49 /home/technologenesis/postest.marksman.pk/public/index.php(52): Illuminate\\Foundation\\Http\\Kernel->handle()
#50 {main}
"} 
